Player Code,Season,Game Week,Fixture Total Points,Fixture Minutes Played,Fixture Cost,Chance Avail,Fixtures Ago,Is Home?,Fixture Short Name,Fixture Short Name FDR,Team FDR,Started,Kick Off Time,Expected Goals For,Expected Goals Against,Opp Team Code,Opp Team FDR,_Avg Team Goals Scored Home,_Opp Avg Team Goals Scored Home,_Avg Team Goals Scored Away,_Opp Avg Team Goals Scored Away,_Avg Team Goals Scored,_Opp Avg Team Goals Scored,_Avg Team Goals Conceded Home,_Opp Avg Team Goals Conceded Home,_Avg Team Goals Conceded Away,_Opp Avg Team Goals Conceded Away,_Avg Team Goals Conceded,_Opp Avg Team Goals Conceded,_Avg Team Clean Sheets Home,_Opp Avg Team Clean Sheets Home,_Avg Team Clean Sheets Away,_Opp Avg Team Clean Sheets Away,_Avg Team Clean Sheets,_Opp Avg Team Clean Sheets,Team Fixture Count Home,Opp Team Fixture Count Home,Team Fixture Count Away,Opp Team Fixture Count Away,Team Fixture Count,Opp Team Fixture Count,Team Stats Quality,Opp Team Stats Quality,_Avg Opp Avg Team Goals Scored Home To Fixture,_Rel Opp Avg Team Goals Scored Home To Fixture,_Avg Opp Avg Team Goals Scored Away To Fixture,_Rel Opp Avg Team Goals Scored Away To Fixture,_Avg Opp Avg Team Goals Scored To Fixture,_Rel Opp Avg Team Goals Scored To Fixture,_Avg Opp Avg Team Goals Conceded Home To Fixture,_Rel Opp Avg Team Goals Conceded Home To Fixture,_Avg Opp Avg Team Goals Conceded Away To Fixture,_Rel Opp Avg Team Goals Conceded Away To Fixture,_Avg Opp Avg Team Goals Conceded To Fixture,_Rel Opp Avg Team Goals Conceded To Fixture,_Avg Opp Avg Team Clean Sheets Home To Fixture,_Rel Opp Avg Team Clean Sheets Home To Fixture,_Avg Opp Avg Team Clean Sheets Away To Fixture,_Rel Opp Avg Team Clean Sheets Away To Fixture,_Avg Opp Avg Team Clean Sheets To Fixture,_Rel Opp Avg Team Clean Sheets To Fixture,_Rel Att Fixture Strength Home,_Rel Att Fixture Strength Away,_Rel Def Fixture Strength Home,_Rel Def Fixture Strength Away,_Rel Clean Sheet Fixture Strength Home,_Rel Clean Sheet Fixture Strength Away,Rel Att Fixture Strength,Rel Def Fixture Strength,Opp Team Short Name,Fixture Goals Scored,Fixture Assists,Fixture Goals Conceded,Fixture Own Goals,Fixture Penalties Missed,Fixture Yellow Cards,Fixture Red Cards,Fixture Bonus Points,Fixture Saves,Fixture Clean Sheets,Fixture Penalties Saved,Fixture Minutes >60 Played,Fixture Minutes <60 Played,Fixture Goals Conceded Multiples,Fixture Saves Multiples,Total Points To Fixture,Fixtures Played To Fixture,_Minutes >60 Played To Fixture,_Minutes <60 Played To Fixture,_Minutes Played To Fixture,_Goals Scored To Fixture,_Assists To Fixture,_Own Goals To Fixture,_Penalties Missed To Fixture,_Yellow Cards To Fixture,_Red Cards To Fixture,_Bonus Points To Fixture,_Saves Multiples To Fixture,_Goals Conceded Multiples To Fixture,_Clean Sheets To Fixture,_Penalties Saved To Fixture,_Rel Att Strength,_Rel Def Strength,_Rel Clean Sheet Strength,Stats Completeness Percent,Rolling Avg Game Points,Expected Points,Expected Points Simple,Rel Strength,Fixture Count,Name,Current Cost,Current Cost x10,Field Position,Minutes Percent,Minutes Played,Percent Selected,News And Date,News,News Date,Player Team ID,Player Team Code,First Name,Last Name,Long Name,Name and Short Team,Chance Avail This GW,Chance Avail Next GW,Team ID,Team Short Name,Team Name,Team Strength,Team Last Updated,Corners & Ind. Free Kicks Order,Direct Free Kicks Order,Penalties Order,Form,Profile Picture,ICT Index,ICT Index Rank,Influence,Influence Rank,Creativity,Creativity Rank,Threat,Threat Rank,Field Position Code,Player ID,Player Last Updated,Long Name and Team,Expected Point With Chance Avail,Expected Points GW 4,Expected Points GW 5,Expected Points GW 6,Expected Points GW 7,Expected Points GW 8,Expected Points GW 9,Expected Points GW 10,Expected Points GW 11,Expected Points GW 12,Expected Points GW 13,Expected Points GW 14,Expected Points GW 15,Expected Points GW 16,Expected Points GW 17,Expected Points GW 18,Expected Points GW 19,Expected Points GW 20,Expected Points GW 21,Expected Points GW 22,Expected Points GW 23,Expected Points GW 24,Expected Points GW 25,Expected Points GW 26,Expected Points GW 27,Expected Points GW 28,Expected Points GW 29,Expected Points GW 30,Expected Points GW 31,Expected Points GW 32,Expected Points GW 33,Expected Points GW 34,Expected Points GW 35,Expected Points GW 36,Expected Points GW 37,Expected Points GW 38,Expected Points Next GW,Fixtures Next GW,Expected Points Next 2 GWs,Fixtures Next 2 GWs,Expected Points Next 3 GWs,Fixtures Next 3 GWs,Expected Points Next 4 GWs,Fixtures Next 4 GWs,Expected Points Next 5 GWs,Fixtures Next 5 GWs,Expected Points Next 6 GWs,Fixtures Next 6 GWs,Expected Points Next 7 GWs,Fixtures Next 7 GWs,Expected Points Next 8 GWs,Fixtures Next 8 GWs,Expected Points Next 9 GWs,Expected Points Next 10 GWs,Expected Points Next 11 GWs,Expected Points Next 12 GWs,Expected Points Next 13 GWs,Expected Points Next 14 GWs,Expected Points Next 15 GWs,Expected Points Next 16 GWs,Expected Points Next 17 GWs,Expected Points Next 18 GWs,Expected Points Next 19 GWs,Expected Points Next 20 GWs,Expected Points Next 21 GWs,Expected Points Next 22 GWs,Expected Points Next 23 GWs,Expected Points Next 24 GWs,Expected Points Next 25 GWs,Expected Points Next 26 GWs,Expected Points Next 27 GWs,Expected Points Next 28 GWs,Expected Points Next 29 GWs,Expected Points Next 30 GWs,Expected Points Next 31 GWs,Expected Points Next 32 GWs,Expected Points Next 33 GWs,Expected Points Next 34 GWs
20467,2020-21,4,,,,100.0,35.0,True,SOU-WBA,SOU-WBA (2),2.0,False,2020-10-04 11:00:00.000000,1.3416666666666666,1.3000000000000005,35.0,3.0,1.3333333333333333,1.5706371191135735,1.5454545454545454,1.0526315789473684,1.45,1.3192520775623269,1.6666666666666667,1.7285318559556786,1.1818181818181819,1.7590027700831024,1.4,1.7437673130193905,0.2222222222222222,0.1412742382271468,0.36363636363636365,0.19944598337950137,0.3,0.16966759002770082,9.0,2.0,11.0,1.0,20.0,3.0,1.0,0.15,1.4921717171717173,1.0525846998967254,1.1160774410774408,0.9431528137789229,1.3000000000000005,1.0148092904325587,1.1930134680134683,1.4488787447084919,1.5042087542087543,1.1693874039500423,1.3416666666666666,1.2997023451076204,0.302777777777778,0.46659381432819097,0.2775252525252525,0.7186588664083944,0.29166666666666663,0.5817174515235457,1.1693874039500423,1.4488787447084919,1.060273569023569,0.9500423102274954,1.3914807800224467,2.143191721132899,1.2997023451076204,0.985406824146982,WBA,,,,,,,,,,,,False,False,,,0.0,0.0,0.0,0.0,0.0,0.0,0.0,0.0,0.0,0.0,0.0,0.0,0.0,0.0,0.0,0.0,1.1693874039500423,1.060273569023569,1.3914807800224467,0.0,,0.0,0.0,,1.0,Walcott,5.8,58.0,MID,0.0,0,1.0,,,2020-10-17 16:00:16.939415,16,20,Theo,Walcott,Theo Walcott,Walcott (SOU),100.0,100.0,16,SOU,Southampton,3,2020-07-23 00:00:00.000000,,,,4.2,20467.jpg,48.7,83,165.8,137,115.2,120,211.0,51,3,148,2020-07-23 00:00:00.000000,Theo Walcott (Southampton),0.0,0.0,0.0,0.0,0.0,0.0,0.0,0.0,0.0,0.0,0.0,0.0,0.0,0.0,0.0,0.0,0.0,0.0,0.0,0.0,0.0,0.0,0.0,0.0,0.0,0.0,0.0,0.0,0.0,0.0,0.0,0.0,0.0,0.0,0.0,0.0,0.0,SOU-WBA (2),0.0,"SOU-WBA (2), CHE-SOU (4)",0.0,"SOU-WBA (2), CHE-SOU (4), SOU-EVE (3)",0.0,"SOU-WBA (2), CHE-SOU (4), SOU-EVE (3), AVL-SOU (3)",0.0,"SOU-WBA (2), CHE-SOU (4), SOU-EVE (3), AVL-SOU (3), SOU-NEW (2)",0.0,"SOU-WBA (2), CHE-SOU (4), SOU-EVE (3), AVL-SOU (3), SOU-NEW (2), WOL-SOU (3)",0.0,"SOU-WBA (2), CHE-SOU (4), SOU-EVE (3), AVL-SOU (3), SOU-NEW (2), WOL-SOU (3), SOU-MUN (4)",0.0,"SOU-WBA (2), CHE-SOU (4), SOU-EVE (3), AVL-SOU (3), SOU-NEW (2), WOL-SOU (3), SOU-MUN (4), BHA-SOU (2)",0.0,0.0,0.0,0.0,0.0,0.0,0.0,0.0,0.0,0.0,0.0,0.0,0.0,0.0,0.0,0.0,0.0,0.0,0.0,0.0,0.0,0.0,0.0,0.0,0.0,0.0
58376,2020-21,4,,,,100.0,35.0,True,SOU-WBA,SOU-WBA (2),2.0,False,2020-10-04 11:00:00.000000,1.3416666666666666,1.3000000000000005,35.0,3.0,1.3333333333333333,1.5706371191135735,1.5454545454545454,1.0526315789473684,1.45,1.3192520775623269,1.6666666666666667,1.7285318559556786,1.1818181818181819,1.7590027700831024,1.4,1.7437673130193905,0.2222222222222222,0.1412742382271468,0.36363636363636365,0.19944598337950137,0.3,0.16966759002770082,9.0,2.0,11.0,1.0,20.0,3.0,1.0,0.15,1.4921717171717173,1.0525846998967254,1.1160774410774408,0.9431528137789229,1.3000000000000005,1.0148092904325587,1.1930134680134683,1.4488787447084919,1.5042087542087543,1.1693874039500423,1.3416666666666666,1.2997023451076204,0.302777777777778,0.46659381432819097,0.2775252525252525,0.7186588664083944,0.29166666666666663,0.5817174515235457,1.1693874039500423,1.4488787447084919,1.060273569023569,0.9500423102274954,1.3914807800224467,2.143191721132899,1.2997023451076204,0.985406824146982,WBA,,,,,,,,,,,,False,False,,,38.0,11.0,11.0,0.0,990.0,0.0,0.0,0.0,0.0,0.0,0.0,3.0,5.0,4.0,3.0,0.0,1.1693874039500423,1.060273569023569,1.3914807800224467,91.66666666666666,,3.520298438934802,3.4545454545454546,1.0190337586390217,1.0,McCarthy,4.6,46.0,GK,100.0,180,22.3,,,,16,20,Alex,McCarthy,Alex McCarthy,McCarthy (SOU),100.0,100.0,16,SOU,Southampton,3,2020-07-23 00:00:00.000000,,,,3.8,58376.jpg,34.7,147,345.8,19,0.0,538,0.0,516,1,363,2020-07-23 00:00:00.000000,Alex McCarthy (Southampton),3.520298438934802,3.520298438934802,3.271612331348047,3.60857377603789,4.058487671985532,3.5439482544745697,3.556315484230367,3.0938316460410467,4.198109589981914,5.3407242279251825,2.9731180931886043,3.0015787862677814,3.585945011613461,3.6177740871085793,3.4281422989556956,3.7458166076347896,3.286105705760704,3.486116438194,3.6984681872871246,3.3345306865830664,4.402514441824439,3.4525802387172315,3.0513461230283188,3.5563324297233367,4.097254399955231,3.445983167526859,3.581235310165366,3.582945824629851,3.3868915222450577,3.7033154511623407,2.808050124768206,3.458367257410319,2.9013140724800257,3.635545935545935,3.9699511033905934,3.3441135098148447,3.520298438934802,SOU-WBA (2),6.791910770282849,"SOU-WBA (2), CHE-SOU (4)",10.400484546320738,"SOU-WBA (2), CHE-SOU (4), SOU-EVE (3)",14.45897221830627,"SOU-WBA (2), CHE-SOU (4), SOU-EVE (3), AVL-SOU (3)",18.00292047278084,"SOU-WBA (2), CHE-SOU (4), SOU-EVE (3), AVL-SOU (3), SOU-NEW (2)",21.559235957011207,"SOU-WBA (2), CHE-SOU (4), SOU-EVE (3), AVL-SOU (3), SOU-NEW (2), WOL-SOU (3)",24.653067603052254,"SOU-WBA (2), CHE-SOU (4), SOU-EVE (3), AVL-SOU (3), SOU-NEW (2), WOL-SOU (3), SOU-MUN (4)",28.851177193034168,"SOU-WBA (2), CHE-SOU (4), SOU-EVE (3), AVL-SOU (3), SOU-NEW (2), WOL-SOU (3), SOU-MUN (4), BHA-SOU (2)",34.191901420959354,37.16501951414796,40.166598300415735,43.752543312029196,47.370317399137775,50.798459698093474,54.54427630572826,57.830382011488965,61.31649844968297,65.01496663697009,68.34949732355315,72.75201176537759,76.20459200409482,79.25593812712314,82.81227055684649,86.9095249568017,90.35550812432857,93.93674343449393,97.51968925912378,100.90658078136883,104.60989623253117,107.41794635729937,110.87631361470969,113.77762768718975,117.41317362273568,121.38312472612628
84939,2020-21,4,,,,50.0,35.0,True,SOU-WBA,SOU-WBA (2),2.0,False,2020-10-04 11:00:00.000000,1.3416666666666666,1.3000000000000005,35.0,3.0,1.3333333333333333,1.5706371191135735,1.5454545454545454,1.0526315789473684,1.45,1.3192520775623269,1.6666666666666667,1.7285318559556786,1.1818181818181819,1.7590027700831024,1.4,1.7437673130193905,0.2222222222222222,0.1412742382271468,0.36363636363636365,0.19944598337950137,0.3,0.16966759002770082,9.0,2.0,11.0,1.0,20.0,3.0,1.0,0.15,1.4921717171717173,1.0525846998967254,1.1160774410774408,0.9431528137789229,1.3000000000000005,1.0148092904325587,1.1930134680134683,1.4488787447084919,1.5042087542087543,1.1693874039500423,1.3416666666666666,1.2997023451076204,0.302777777777778,0.46659381432819097,0.2775252525252525,0.7186588664083944,0.29166666666666663,0.5817174515235457,1.1693874039500423,1.4488787447084919,1.060273569023569,0.9500423102274954,1.3914807800224467,2.143191721132899,1.2997023451076204,0.985406824146982,WBA,,,,,,,,,,,,False,False,,,71.0,11.0,11.0,0.0,987.0,9.0,1.0,0.0,1.0,1.0,0.0,13.0,0.0,4.0,3.0,0.0,1.1693874039500423,1.060273569023569,1.3914807800224467,91.66666666666666,,7.055100795822877,6.454545454545454,1.0930437852683332,1.0,Ings,8.4,84.0,FWD,100.0,180,7.7,Hamstring injury - 50% chance of playing (19 Dec 2020),Hamstring injury - 50% chance of playing,2020-12-19 17:30:21.090587,16,20,Danny,Ings,Danny Ings,Ings (SOU),100.0,50.0,16,SOU,Southampton,3,2020-07-23 00:00:00.000000,,,1.0,2.5,84939.jpg,83.1,28,328.6,23,122.2,110,381.0,22,4,366,2020-07-23 00:00:00.000000,Danny Ings (Southampton),3.5275503979114387,3.5275503979114387,2.6246066765853886,3.1759388122918826,3.842089660672308,3.1998560703547287,2.58238866946516,2.337128917293583,4.694249600159382,3.315442519355288,2.7871909626999685,2.5698531905245106,4.085144699041668,3.7017817298525015,2.949106957495853,2.9020040360633845,2.913223383893782,3.155108944574396,3.4937123708034608,2.9380900181934937,3.43260487274284,3.0022573388496814,4.486350585311324,3.3376023037909666,2.571083116585722,2.6622310819672284,2.738567113591316,3.2118138977986903,4.247034015946695,3.7953147769706344,2.8038490315519002,3.4354497694680886,3.1892745487798506,3.5126971039672013,3.0265311841233298,3.5241822553686633,3.5275503979114387,SOU-WBA (2),6.152157074496827,"SOU-WBA (2), CHE-SOU (4)",9.32809588678871,"SOU-WBA (2), CHE-SOU (4), SOU-EVE (3)",13.170185547461017,"SOU-WBA (2), CHE-SOU (4), SOU-EVE (3), AVL-SOU (3)",16.370041617815744,"SOU-WBA (2), CHE-SOU (4), SOU-EVE (3), AVL-SOU (3), SOU-NEW (2)",18.952430287280905,"SOU-WBA (2), CHE-SOU (4), SOU-EVE (3), AVL-SOU (3), SOU-NEW (2), WOL-SOU (3)",21.289559204574488,"SOU-WBA (2), CHE-SOU (4), SOU-EVE (3), AVL-SOU (3), SOU-NEW (2), WOL-SOU (3), SOU-MUN (4)",25.983808804733872,"SOU-WBA (2), CHE-SOU (4), SOU-EVE (3), AVL-SOU (3), SOU-NEW (2), WOL-SOU (3), SOU-MUN (4), BHA-SOU (2)",29.29925132408916,32.08644228678913,34.65629547731364,38.74144017635531,42.44322190620781,45.39232886370366,48.29433289976704,51.20755628366083,54.36266522823522,57.85637759903868,60.79446761723217,64.22707248997501,67.2293298288247,71.71568041413603,75.053282717927,77.6243658345127,80.28659691647994,83.02516403007125,86.23697792786994,90.48401194381664,94.27932672078727,97.08317575233917,100.51862552180727,103.7079000705871,107.2205971745543,110.24712835867763
85971,2020-21,4,,,,0.0,,,,,,,,,,,,,,,,,,,,,,,,,,,,,,0.0,0.0,0.0,0.0,0.0,0.0,,,,,,,,,,,,,,,,,,,,,,,,,,,,,,,,,,,,,,,,,,,,,,,,,,,,,,,,,,,,,,,,,,0.0,0.0,,0.0,Son,9.7,97.0,MID,100.0,180,62.1,,,2020-09-27 16:00:17.251688,17,6,Heung-Min,Son,Heung-Min Son,Son (TOT),100.0,100.0,17,TOT,Spurs,4,2020-07-23 00:00:00.000000,1.0,6.0,2.0,7.0,85971.jpg,126.1,7,527.4,3,330.1,13,401.0,18,3,390,2020-07-23 00:00:00.000000,Heung-Min Son (Spurs),0.0,0.0,0.0,0.0,0.0,0.0,0.0,0.0,0.0,0.0,0.0,0.0,0.0,0.0,0.0,0.0,0.0,0.0,0.0,0.0,0.0,0.0,0.0,0.0,0.0,0.0,0.0,0.0,0.0,0.0,0.0,0.0,0.0,0.0,0.0,0.0,0.0,,0.0,"MUN-TOT (4), TOT-WHU (3)",0.0,"MUN-TOT (4), TOT-WHU (3), BUR-TOT (2)",0.0,"MUN-TOT (4), TOT-WHU (3), BUR-TOT (2), TOT-BHA (2)",0.0,"MUN-TOT (4), TOT-WHU (3), BUR-TOT (2), TOT-BHA (2), WBA-TOT (2)",0.0,"MUN-TOT (4), TOT-WHU (3), BUR-TOT (2), TOT-BHA (2), WBA-TOT (2), TOT-MCI (4)",0.0,"MUN-TOT (4), TOT-WHU (3), BUR-TOT (2), TOT-BHA (2), WBA-TOT (2), TOT-MCI (4), CHE-TOT (4)",0.0,"MUN-TOT (4), TOT-WHU (3), BUR-TOT (2), TOT-BHA (2), WBA-TOT (2), TOT-MCI (4), CHE-TOT (4), TOT-ARS (3)",0.0,0.0,0.0,0.0,0.0,0.0,0.0,0.0,0.0,0.0,0.0,0.0,0.0,0.0,0.0,0.0,0.0,0.0,0.0,0.0,0.0,0.0,0.0,0.0,0.0,0.0
93100,2020-21,4,,,,100.0,35.0,True,SOU-WBA,SOU-WBA (2),2.0,False,2020-10-04 11:00:00.000000,1.3416666666666666,1.3000000000000005,35.0,3.0,1.3333333333333333,1.5706371191135735,1.5454545454545454,1.0526315789473684,1.45,1.3192520775623269,1.6666666666666667,1.7285318559556786,1.1818181818181819,1.7590027700831024,1.4,1.7437673130193905,0.2222222222222222,0.1412742382271468,0.36363636363636365,0.19944598337950137,0.3,0.16966759002770082,9.0,2.0,11.0,1.0,20.0,3.0,1.0,0.15,1.4921717171717173,1.0525846998967254,1.1160774410774408,0.9431528137789229,1.3000000000000005,1.0148092904325587,1.1930134680134683,1.4488787447084919,1.5042087542087543,1.1693874039500423,1.3416666666666666,1.2997023451076204,0.302777777777778,0.46659381432819097,0.2775252525252525,0.7186588664083944,0.29166666666666663,0.5817174515235457,1.1693874039500423,1.4488787447084919,1.060273569023569,0.9500423102274954,1.3914807800224467,2.143191721132899,1.2997023451076204,0.985406824146982,WBA,,,,,,,,,,,,False,False,,,13.0,6.0,4.0,2.0,406.0,0.0,0.0,0.0,0.0,1.0,0.0,0.0,0.0,0.0,1.0,0.0,1.1693874039500423,1.060273569023569,1.3914807800224467,50.0,,2.2068490460157126,2.1666666666666665,1.0185457135457137,1.0,Vestergaard,4.5,45.0,DEF,25.0,45,16.3,,,,16,20,Jannik,Vestergaard,Jannik Vestergaard,Vestergaard (SOU),100.0,100.0,16,SOU,Southampton,3,2020-07-23 00:00:00.000000,,,,3.8,93100.jpg,56.1,59,366.2,13,45.3,233,149.0,85,2,369,2020-07-23 00:00:00.000000,Jannik Vestergaard (Southampton),2.2068490460157126,2.2068490460157126,2.054874202490473,2.2607950853564884,2.5357424662133803,2.2213017110677926,2.2288594625852243,1.946230450358417,2.621066971655614,3.319331472620945,1.8724610569485918,1.8898537027191995,2.2469663959860036,2.2664174976774656,2.1505314049173694,2.3446657046657045,2.0637312646315418,2.185960045563,2.315730558897687,2.0933243084674293,2.745981047781602,2.165465701438308,1.9202670751839725,2.2288698181642617,2.5594332444170855,2.1614341579330802,2.244088245101057,2.2451335594960202,2.125322596927535,2.318692775710319,1.7715861873583478,2.169002212861862,1.8285808220711266,2.2772780717225163,2.4816367854053625,2.0991804782201826,2.2068490460157126,SOU-WBA (2),4.261723248506186,"SOU-WBA (2), CHE-SOU (4)",6.522518333862674,"SOU-WBA (2), CHE-SOU (4), SOU-EVE (3)",9.058260800076054,"SOU-WBA (2), CHE-SOU (4), SOU-EVE (3), AVL-SOU (3)",11.279562511143848,"SOU-WBA (2), CHE-SOU (4), SOU-EVE (3), AVL-SOU (3), SOU-NEW (2)",13.508421973729071,"SOU-WBA (2), CHE-SOU (4), SOU-EVE (3), AVL-SOU (3), SOU-NEW (2), WOL-SOU (3)",15.454652424087488,"SOU-WBA (2), CHE-SOU (4), SOU-EVE (3), AVL-SOU (3), SOU-NEW (2), WOL-SOU (3), SOU-MUN (4)",18.075719395743103,"SOU-WBA (2), CHE-SOU (4), SOU-EVE (3), AVL-SOU (3), SOU-NEW (2), WOL-SOU (3), SOU-MUN (4), BHA-SOU (2)",21.39505086836405,23.26751192531264,25.15736562803184,27.404332024017844,29.67074952169531,31.82128092661268,34.16594663127839,36.229677895909916,38.415637941472916,40.7313685003706,42.82469280883803,45.570673856619635,47.73613955805794,49.656406633241915,51.88527645140618,54.44470969582326,56.60614385375634,58.8502320988574,61.095365658353415,63.22068825528095,65.53938103099127,67.31096721834962,69.47996943121147,71.30855025328262,73.58582832500514,76.0674651104105
101178,2020-21,4,,,,100.0,35.0,True,SOU-WBA,SOU-WBA (2),2.0,False,2020-10-04 11:00:00.000000,1.3416666666666666,1.3000000000000005,35.0,3.0,1.3333333333333333,1.5706371191135735,1.5454545454545454,1.0526315789473684,1.45,1.3192520775623269,1.6666666666666667,1.7285318559556786,1.1818181818181819,1.7590027700831024,1.4,1.7437673130193905,0.2222222222222222,0.1412742382271468,0.36363636363636365,0.19944598337950137,0.3,0.16966759002770082,9.0,2.0,11.0,1.0,20.0,3.0,1.0,0.15,1.4921717171717173,1.0525846998967254,1.1160774410774408,0.9431528137789229,1.3000000000000005,1.0148092904325587,1.1930134680134683,1.4488787447084919,1.5042087542087543,1.1693874039500423,1.3416666666666666,1.2997023451076204,0.302777777777778,0.46659381432819097,0.2775252525252525,0.7186588664083944,0.29166666666666663,0.5817174515235457,1.1693874039500423,1.4488787447084919,1.060273569023569,0.9500423102274954,1.3914807800224467,2.143191721132899,1.2997023451076204,0.985406824146982,WBA,,,,,,,,,,,,False,False,,,28.0,11.0,11.0,0.0,990.0,1.0,0.0,0.0,1.0,2.0,0.0,2.0,0.0,4.0,3.0,0.0,1.1693874039500423,1.060273569023569,1.3914807800224467,91.66666666666666,,2.638887066074629,2.5454545454545454,1.0367056331007471,1.0,Ward-Prowse,6.1,61.0,MID,100.0,180,18.0,,,2020-11-10 18:00:23.245513,16,20,James,Ward-Prowse,James Ward-Prowse,Ward-Prowse (SOU),100.0,100.0,16,SOU,Southampton,3,2020-07-23 00:00:00.000000,1.0,1.0,2.0,4.0,101178.jpg,88.8,22,374.2,11,405.6,5,109.0,133,3,370,2020-07-23 00:00:00.000000,James Ward-Prowse (Southampton),2.638887066074629,2.638887066074629,2.3451915080686963,2.5707990835248737,2.8540854673529186,2.560775333406568,2.405542166258449,2.227034090769689,3.1074934954384434,3.0396068777950065,2.3122562270197538,2.263643766398405,2.798271606969993,2.707930678615782,2.467529200204061,2.534870105211663,2.4228191355970896,2.5348437573414686,2.6747530859555355,2.4413014408795295,2.8350960603435515,2.487266988055683,2.7674951889954142,2.599190924253693,2.5378780354769885,2.3984315005446404,2.451817877646341,2.5735908355464043,2.790018315885592,2.753298852223615,2.2752605346202777,2.599788724938803,2.397403577247707,2.6638904033186335,2.622833767114703,2.59397720750162,2.638887066074629,SOU-WBA (2),4.984078574143325,"SOU-WBA (2), CHE-SOU (4)",7.554877657668198,"SOU-WBA (2), CHE-SOU (4), SOU-EVE (3)",10.408963125021117,"SOU-WBA (2), CHE-SOU (4), SOU-EVE (3), AVL-SOU (3)",12.969738458427685,"SOU-WBA (2), CHE-SOU (4), SOU-EVE (3), AVL-SOU (3), SOU-NEW (2)",15.375280624686134,"SOU-WBA (2), CHE-SOU (4), SOU-EVE (3), AVL-SOU (3), SOU-NEW (2), WOL-SOU (3)",17.602314715455822,"SOU-WBA (2), CHE-SOU (4), SOU-EVE (3), AVL-SOU (3), SOU-NEW (2), WOL-SOU (3), SOU-MUN (4)",20.709808210894266,"SOU-WBA (2), CHE-SOU (4), SOU-EVE (3), AVL-SOU (3), SOU-NEW (2), WOL-SOU (3), SOU-MUN (4), BHA-SOU (2)",23.749415088689272,26.061671315709027,28.325315082107434,31.123586689077428,33.83151736769321,36.29904656789727,38.83391667310893,41.256735808706026,43.791579566047496,46.46633265200303,48.90763409288256,51.74273015322611,54.22999714128179,56.997492330277204,59.596683254530895,62.13456129000788,64.53299279055253,66.98481066819886,69.55840150374526,72.34841981963085,75.10171867185446,77.37697920647473,79.97676793141353,82.37417150866126,85.0380619119799,87.6608956790946
114283,2020-21,4,,,,0.0,,,,,,,,,,,,,,,,,,,,,,,,,,,,,,0.0,0.0,0.0,0.0,0.0,0.0,,,,,,,,,,,,,,,,,,,,,,,,,,,,,,,,,,,,,,,,,,,,,,,,,,,,,,,,,,,,,,,,,,0.0,0.0,,0.0,Grealish,7.8,78.0,MID,100.0,180,43.3,,,,2,7,Jack,Grealish,Jack Grealish,Grealish (AVL),100.0,100.0,2,AVL,Aston Villa,3,2020-07-23 00:00:00.000000,3.0,4.0,2.0,3.2,114283.jpg,145.9,2,383.8,10,458.2,3,619.0,4,3,37,2020-07-23 00:00:00.000000,Jack Grealish (Aston Villa),0.0,0.0,0.0,0.0,0.0,0.0,0.0,0.0,0.0,0.0,0.0,0.0,0.0,0.0,0.0,0.0,0.0,0.0,0.0,0.0,0.0,0.0,0.0,0.0,0.0,0.0,0.0,0.0,0.0,0.0,0.0,0.0,0.0,0.0,0.0,0.0,0.0,,0.0,LEI-AVL (4),0.0,"LEI-AVL (4), AVL-LEE (2), AVL-LIV (4)",0.0,"LEI-AVL (4), AVL-LEE (2), AVL-LIV (4), AVL-SOU (3)",0.0,"LEI-AVL (4), AVL-LEE (2), AVL-LIV (4), AVL-SOU (3), ARS-AVL (3)",0.0,"LEI-AVL (4), AVL-LEE (2), AVL-LIV (4), AVL-SOU (3), ARS-AVL (3), AVL-BHA (2)",0.0,"LEI-AVL (4), AVL-LEE (2), AVL-LIV (4), AVL-SOU (3), ARS-AVL (3), AVL-BHA (2), WHU-AVL (3)",0.0,"LEI-AVL (4), AVL-LEE (2), AVL-LIV (4), AVL-SOU (3), ARS-AVL (3), AVL-BHA (2), WHU-AVL (3)",0.0,0.0,0.0,0.0,0.0,0.0,0.0,0.0,0.0,0.0,0.0,0.0,0.0,0.0,0.0,0.0,0.0,0.0,0.0,0.0,0.0,0.0,0.0,0.0,0.0,0.0
118748,2020-21,4,,,,0.0,,,,,,,,,,,,,,,,,,,,,,,,,,,,,,0.0,0.0,0.0,0.0,0.0,0.0,,,,,,,,,,,,,,,,,,,,,,,,,,,,,,,,,,,,,,,,,,,,,,,,,,,,,,,,,,,,,,,,,,0.0,0.0,,0.0,Salah,12.5,125.0,MID,100.0,180,39.7,,,2020-11-13 15:30:16.171973,11,14,Mohamed,Salah,Mohamed Salah,Salah (LIV),100.0,100.0,11,LIV,Liverpool,5,2020-07-23 00:00:00.000000,,2.0,2.0,8.5,118748.jpg,167.4,1,598.0,1,356.0,12,720.0,2,3,254,2020-07-23 00:00:00.000000,Mohamed Salah (Liverpool),0.0,0.0,0.0,0.0,0.0,0.0,0.0,0.0,0.0,0.0,0.0,0.0,0.0,0.0,0.0,0.0,0.0,0.0,0.0,0.0,0.0,0.0,0.0,0.0,0.0,0.0,0.0,0.0,0.0,0.0,0.0,0.0,0.0,0.0,0.0,0.0,0.0,,0.0,EVE-LIV (3),0.0,"EVE-LIV (3), AVL-LIV (3), LIV-SHU (2)",0.0,"EVE-LIV (3), AVL-LIV (3), LIV-SHU (2), LIV-WHU (3)",0.0,"EVE-LIV (3), AVL-LIV (3), LIV-SHU (2), LIV-WHU (3), MCI-LIV (5)",0.0,"EVE-LIV (3), AVL-LIV (3), LIV-SHU (2), LIV-WHU (3), MCI-LIV (5), LIV-LEI (4)",0.0,"EVE-LIV (3), AVL-LIV (3), LIV-SHU (2), LIV-WHU (3), MCI-LIV (5), LIV-LEI (4), BHA-LIV (2)",0.0,"EVE-LIV (3), AVL-LIV (3), LIV-SHU (2), LIV-WHU (3), MCI-LIV (5), LIV-LEI (4), BHA-LIV (2), LIV-WOL (3)",0.0,0.0,0.0,0.0,0.0,0.0,0.0,0.0,0.0,0.0,0.0,0.0,0.0,0.0,0.0,0.0,0.0,0.0,0.0,0.0,0.0,0.0,0.0,0.0,0.0,0.0
165153,2020-21,4,,,,100.0,35.0,True,CHE-CRY,CHE-CRY (3),3.0,False,2020-10-03 11:30:00.000000,1.3953139427516152,1.3474376731301934,31.0,4.0,1.9,0.7272727272727273,2.0,1.0,1.95,0.85,0.8,1.1818181818181819,2.3,1.8888888888888888,1.55,1.5,0.5,0.2727272727272727,0.0,0.2222222222222222,0.25,0.25,10.0,11.0,10.0,9.0,20.0,20.0,1.0,1.0,1.624068244774616,0.44780921590746103,1.0664230019493182,0.937714207375588,1.3474376731301934,0.630826951739734,1.2948018970872155,0.9127405392877461,1.5086206012106285,1.2520635654670929,1.3953139427516152,1.075026883944082,0.32313648954923185,0.8440002337950787,0.25365753565199545,0.8760718330367255,0.2891389658356418,0.8646361422697695,1.2520635654670929,0.9127405392877461,1.0664230019493182,2.233093836565097,1.1414589104339796,1.1848337950138503,1.075026883944082,1.5852207919178745,CRY,,,,,,,,,,,,False,False,,,0.0,0.0,0.0,0.0,0.0,0.0,0.0,0.0,0.0,0.0,0.0,0.0,0.0,0.0,0.0,0.0,1.2520635654670929,1.0664230019493182,1.1414589104339796,0.0,,0.0,0.0,,1.0,Werner,9.3,93.0,FWD,100.0,180,17.5,,,2020-09-15 00:00:14.393762,5,8,Timo,Werner,Timo Werner,Werner (CHE),100.0,100.0,5,CHE,Chelsea,4,2020-07-23 00:00:00.000000,,,1.0,2.7,165153.jpg,101.2,13,266.8,51,196.5,53,548.0,8,4,117,2020-07-23 00:00:00.000000,Timo Werner (Chelsea),0.0,0.0,0.0,0.0,0.0,0.0,0.0,0.0,0.0,0.0,0.0,0.0,0.0,0.0,0.0,0.0,0.0,0.0,0.0,0.0,0.0,0.0,0.0,0.0,0.0,0.0,0.0,0.0,0.0,0.0,0.0,0.0,0.0,0.0,0.0,0.0,0.0,CHE-CRY (3),0.0,"CHE-CRY (3), CHE-SOU (3)",0.0,"CHE-CRY (3), CHE-SOU (3), MUN-CHE (4)",0.0,"CHE-CRY (3), CHE-SOU (3), MUN-CHE (4), BUR-CHE (2)",0.0,"CHE-CRY (3), CHE-SOU (3), MUN-CHE (4), BUR-CHE (2), CHE-SHU (2)",0.0,"CHE-CRY (3), CHE-SOU (3), MUN-CHE (4), BUR-CHE (2), CHE-SHU (2), NEW-CHE (3)",0.0,"CHE-CRY (3), CHE-SOU (3), MUN-CHE (4), BUR-CHE (2), CHE-SHU (2), NEW-CHE (3), CHE-TOT (4)",0.0,"CHE-CRY (3), CHE-SOU (3), MUN-CHE (4), BUR-CHE (2), CHE-SHU (2), NEW-CHE (3), CHE-TOT (4), CHE-LEE (2)",0.0,0.0,0.0,0.0,0.0,0.0,0.0,0.0,0.0,0.0,0.0,0.0,0.0,0.0,0.0,0.0,0.0,0.0,0.0,0.0,0.0,0.0,0.0,0.0,0.0,0.0
200439,2020-21,4,,,,100.0,35.0,True,SOU-WBA,SOU-WBA (2),2.0,False,2020-10-04 11:00:00.000000,1.3416666666666666,1.3000000000000005,35.0,3.0,1.3333333333333333,1.5706371191135735,1.5454545454545454,1.0526315789473684,1.45,1.3192520775623269,1.6666666666666667,1.7285318559556786,1.1818181818181819,1.7590027700831024,1.4,1.7437673130193905,0.2222222222222222,0.1412742382271468,0.36363636363636365,0.19944598337950137,0.3,0.16966759002770082,9.0,2.0,11.0,1.0,20.0,3.0,1.0,0.15,1.4921717171717173,1.0525846998967254,1.1160774410774408,0.9431528137789229,1.3000000000000005,1.0148092904325587,1.1930134680134683,1.4488787447084919,1.5042087542087543,1.1693874039500423,1.3416666666666666,1.2997023451076204,0.302777777777778,0.46659381432819097,0.2775252525252525,0.7186588664083944,0.29166666666666663,0.5817174515235457,1.1693874039500423,1.4488787447084919,1.060273569023569,0.9500423102274954,1.3914807800224467,2.143191721132899,1.2997023451076204,0.985406824146982,WBA,,,,,,,,,,,,False,False,,,42.0,10.0,6.0,4.0,540.0,4.0,1.0,0.0,0.0,1.0,0.0,8.0,0.0,3.0,1.0,0.0,1.1693874039500423,1.060273569023569,1.3914807800224467,83.33333333333334,,4.52183606750508,4.2,1.076627635120257,1.0,Adams,6.0,60.0,FWD,90.55555555555556,163,7.6,,,,16,20,Che,Adams,Che Adams,Adams (SOU),100.0,100.0,16,SOU,Southampton,3,2020-07-23 00:00:00.000000,,,,4.3,200439.jpg,92.8,19,281.6,41,246.1,30,399.0,19,4,377,2020-07-23 00:00:00.000000,Che Adams (Southampton),4.52183606750508,4.52183606750508,3.554065617468442,4.144980573174377,4.85895763631032,4.17061496771353,3.508816573939582,3.2459484293044043,5.772298289401594,4.294499931001309,3.7283226215604786,3.495381111895502,5.119462779998505,4.708576315585502,3.9018633544442722,3.8513786848063973,3.8634035242759,4.12265522777461,4.485568643579095,3.890055455397129,4.420073940529506,3.9588296606132487,5.549473191436238,4.318250674319549,3.4966993403405944,3.594391262211029,3.676207829438898,4.183431305845776,5.292974919655689,4.808824555830064,3.7461766543299846,4.4231230862504125,4.159273747153788,4.505916383226385,3.984846243496287,4.518226109600259,4.52183606750508,SOU-WBA (2),8.075901684973523,"SOU-WBA (2), CHE-SOU (4)",12.220882258147899,"SOU-WBA (2), CHE-SOU (4), SOU-EVE (3)",17.079839894458217,"SOU-WBA (2), CHE-SOU (4), SOU-EVE (3), AVL-SOU (3)",21.250454862171747,"SOU-WBA (2), CHE-SOU (4), SOU-EVE (3), AVL-SOU (3), SOU-NEW (2)",24.75927143611133,"SOU-WBA (2), CHE-SOU (4), SOU-EVE (3), AVL-SOU (3), SOU-NEW (2), WOL-SOU (3)",28.005219865415736,"SOU-WBA (2), CHE-SOU (4), SOU-EVE (3), AVL-SOU (3), SOU-NEW (2), WOL-SOU (3), SOU-MUN (4)",33.77751815481733,"SOU-WBA (2), CHE-SOU (4), SOU-EVE (3), AVL-SOU (3), SOU-NEW (2), WOL-SOU (3), SOU-MUN (4), BHA-SOU (2)",38.07201808581864,41.80034070737912,45.295721819274625,50.41518459927313,55.123760914858636,59.02562426930291,62.87700295410931,66.7404064783852,70.86306170615981,75.34863034973891,79.23868580513604,83.65875974566555,87.6175894062788,93.16706259771503,97.48531327203457,100.98201261237517,104.5764038745862,108.2526117040251,112.43604300987087,117.72901792952656,122.53784248535663,126.28401913968662,130.70714222593702,134.8664159730908,139.37233235631717,143.35717859981347
